npm warn config ignoring workspace config at /Users/debrajroy/Desktop/O2-FINAL-UPDATE/backend/.npmrc

> dev
> cross-env NODE_OPTIONS=--no-deprecation next dev

 ⚠ Port 3000 is in use, using available port 3004 instead.
   ▲ Next.js 15.3.2
   - Local:        http://localhost:3004
   - Network:      http://192.168.19.38:3004
   - Environments: .env

 ✓ Starting...
 ⚠ Invalid next.config.mjs options detected: 
 ⚠     Unrecognized key(s) in object: 'serverComponentsExternalPackages' at "experimental"
 ⚠ See more info here: https://nextjs.org/docs/messages/invalid-next-config
 ⚠ `experimental.serverComponentsExternalPackages` has been moved to `serverExternalPackages`. Please update your next.config.mjs file accordingly.
 ✓ Ready in 2.3s
 ○ Compiling / ...
 ✓ Compiled / in 5s (2925 modules)
[12:48:56] [33mWARN[39m: [36mNo email adapter provided. Email will be written to console. More info at https://payloadcms.com/docs/email/overview.[39m
 GET / 200 in 10198ms
 ○ Compiling /middleware ...
 ✓ Compiled /middleware in 509ms (108 modules)
 ○ Compiling /api/[...slug] ...
 ✓ Compiled /api/[...slug] in 2s (3260 modules)
 GET /api/products?limit=100&depth=2 200 in 6224ms
 GET /api/products?where%5BbestSeller%5D%5Bequals%5D=true&limit=8&depth=2 200 in 6237ms
 GET /api/products?where%5BlovedByExperts%5D%5Bequals%5D=true&limit=4&depth=2 200 in 6243ms
 ○ Compiling /admin/[[...segments]] ...
 GET /api/announcements?where[isActive][equals]=true&sort=-priority 200 in 6692ms
 ✓ Compiled /admin/[[...segments]] in 6.6s (4747 modules)
 GET /api/products?where%5Bcategory%5D%5Bequals%5D=ayurveda-herbs&limit=1&depth=2 200 in 6621ms
 GET /api/products?where%5Bcategory%5D%5Bequals%5D=vitamins-supplements&limit=1&depth=2 200 in 6623ms
 GET /api/products?where%5Bcategory%5D%5Bequals%5D=wellness&limit=1&depth=2 200 in 6624ms
 GET /api/products?where%5Bcategory%5D%5Bequals%5D=sports-nutrition&limit=1&depth=2 200 in 6629ms
 GET /admin 200 in 11513ms
 GET /api/users/me 200 in 152ms
 GET /api/announcements?where[isActive][equals]=true&sort=-priority 200 in 107ms
 GET /api/products?limit=100&depth=2 200 in 153ms
 GET /api/products?where%5BbestSeller%5D%5Bequals%5D=true&limit=8&depth=2 200 in 160ms
 GET /api/products?where%5BlovedByExperts%5D%5Bequals%5D=true&limit=4&depth=2 200 in 166ms
 GET /api/products?where%5Bcategory%5D%5Bequals%5D=sports-nutrition&limit=1&depth=2 200 in 87ms
 GET /api/products?where%5Bcategory%5D%5Bequals%5D=ayurveda-herbs&limit=1&depth=2 200 in 99ms
 GET /api/products?where%5Bcategory%5D%5Bequals%5D=wellness&limit=1&depth=2 200 in 107ms
 GET /api/products?where%5Bcategory%5D%5Bequals%5D=vitamins-supplements&limit=1&depth=2 200 in 110ms
[13:03:27] [32mINFO[39m: [36mNot Found[39m
 GET /api/products/2?depth=2 404 in 457ms
[13:03:28] [32mINFO[39m: [36mNot Found[39m
 GET /api/products/2?depth=2 404 in 75ms
[13:03:28] [32mINFO[39m: [36mNot Found[39m
 GET /api/products/2?depth=2 404 in 71ms
 GET /api/coupons?where[isActive][equals]=true&where[showOnCart][equals]=true 200 in 788ms
 GET /api/products?limit=10&depth=2 200 in 819ms
[13:03:28] [32mINFO[39m: [36mNot Found[39m
 GET /api/products/2?depth=2 404 in 71ms
[13:03:28] [32mINFO[39m: [36mNot Found[39m
 GET /api/products/2?depth=2 404 in 69ms
[13:03:28] [32mINFO[39m: [36mNot Found[39m
 GET /api/products/4?depth=2 404 in 70ms
[13:03:28] [32mINFO[39m: [36mNot Found[39m
 GET /api/products/4?depth=2 404 in 67ms
[13:03:29] [32mINFO[39m: [36mNot Found[39m
 GET /api/products/7?depth=2 404 in 70ms
[13:03:29] [32mINFO[39m: [36mNot Found[39m
 GET /api/products/7?depth=2 404 in 71ms
[13:03:29] [32mINFO[39m: [36mNot Found[39m
 GET /api/products/6?depth=2 404 in 70ms
[13:03:29] [32mINFO[39m: [36mNot Found[39m
 GET /api/products/6?depth=2 404 in 79ms
[13:03:29] [32mINFO[39m: [36mNot Found[39m
 GET /api/products/8?depth=2 404 in 80ms
[13:03:30] [32mINFO[39m: [36mNot Found[39m
 GET /api/products/8?depth=2 404 in 74ms
[13:03:30] [32mINFO[39m: [36mNot Found[39m
 GET /api/products/1?depth=2 404 in 77ms
[13:03:30] [32mINFO[39m: [36mNot Found[39m
 GET /api/products/1?depth=2 404 in 75ms
[13:03:30] [32mINFO[39m: [36mNot Found[39m
 GET /api/products/3?depth=2 404 in 68ms
[13:03:30] [32mINFO[39m: [36mNot Found[39m
 GET /api/products/3?depth=2 404 in 71ms
